#
# There is insufficient memory for the Java Runtime Environment to continue.
# Native memory allocation (malloc) failed to allocate 1048576 bytes. Error detail: AllocateHeap
# Possible reasons:
#   The system is out of physical RAM or swap space
#   This process is running with CompressedOops enabled, and the Java Heap may be blocking the growth of the native heap
# Possible solutions:
#   Reduce memory load on the system
#   Increase physical memory or swap space
#   Check if swap backing store is full
#   Decrease Java heap size (-Xmx/-Xms)
#   Decrease number of Java threads
#   Decrease Java thread stack sizes (-Xss)
#   Set larger code cache with -XX:ReservedCodeCacheSize=
#   JVM is running with Unscaled Compressed Oops mode in which the Java heap is
#     placed in the first 4GB address space. The Java Heap base address is the
#     maximum limit for the native heap growth. Please use -XX:HeapBaseMinAddress
#     to set the Java Heap base and to place the Java Heap above 4GB virtual address.
# This output file may be truncated or incomplete.
#
#  Out of Memory Error (allocation.cpp:44), pid=22884, tid=3164
#
# JRE version: OpenJDK Runtime Environment Temurin-21.0.11+10 (21.0.11+10) (build 21.0.11+10-LTS)
# Java VM: OpenJDK 64-Bit Server VM Temurin-21.0.11+10 (21.0.11+10-LTS, mixed mode, sharing, tiered, compressed oops, compressed class ptrs, parallel gc, windows-amd64)
# No core dump will be written. Minidumps are not enabled by default on client versions of Windows
#

---------------  S U M M A R Y ------------

Command Line: --add-modules=ALL-SYSTEM --add-opens=java.base/java.util=ALL-UNNAMED --add-opens=java.base/java.lang=ALL-UNNAMED --add-opens=java.base/sun.nio.fs=ALL-UNNAMED -Declipse.application=org.eclipse.jdt.ls.core.id1 -Dosgi.bundles.defaultStartLevel=4 -Declipse.product=org.eclipse.jdt.ls.core.product -Djava.import.generatesMetadataFilesAtProjectRoot=false -DDetectVMInstallationsJob.disabled=true -Dfile.encoding=utf8 -XX:+UseParallelGC -XX:GCTimeRatio=4 -XX:AdaptiveSizePolicyWeight=90 -Dsun.zip.disableMemoryMapping=true -Xmx2G -Xms100m -Xlog:disable -javaagent:c:\Users\adity\.vscode\extensions\redhat.java-1.55.0-win32-x64\lombok\lombok-1.18.39-4050.jar -XX:+HeapDumpOnOutOfMemoryError -XX:HeapDumpPath=c:\Users\adity\AppData\Roaming\Code\User\workspaceStorage\555ba9e40f628a9b3d662b07d4e0e357\redhat.java -Daether.dependencyCollector.impl=bf c:\Users\adity\.vscode\extensions\redhat.java-1.55.0-win32-x64\server\plugins\org.eclipse.equinox.launcher_1.7.200.v20260619-2039.jar -configuration c:\Users\adity\AppData\Roaming\Code\User\globalStorage\redhat.java\1.55.0\config_win -data c:\Users\adity\AppData\Roaming\Code\User\workspaceStorage\555ba9e40f628a9b3d662b07d4e0e357\redhat.java\jdt_ws --pipe=\\.\pipe\lsp-92d0fbfaec7bb45dddea1564fe171c27-sock

Host: Intel(R) Core(TM) 7 240H, 16 cores, 15G,  Windows 11 , 64 bit Build 26100 (10.0.26100.8875)
Time: Sun Jul 26 20:13:12 2026 India Standard Time elapsed time: 4336.966345 seconds (0d 1h 12m 16s)

---------------  T H R E A D  ---------------

Current thread (0x000001ce7d7d1b30):  JavaThread "Attach Listener" daemon [_thread_in_vm, id=3164, stack(0x0000008639b00000,0x0000008639c00000) (1024K)]

Stack: [0x0000008639b00000,0x0000008639c00000]
Native frames: (J=compiled Java code, j=interpreted, Vv=VM code, C=native code)
V  [jvm.dll+0x6d7e19]
V  [jvm.dll+0x8b5096]
V  [jvm.dll+0x8b764e]
V  [jvm.dll+0x8b7d33]
V  [jvm.dll+0x284596]
V  [jvm.dll+0xc13c7]
V  [jvm.dll+0x6d86c9]
V  [jvm.dll+0x133616]
V  [jvm.dll+0x3f868e]
V  [jvm.dll+0x85fb0d]
V  [jvm.dll+0x6d664d]
C  [ucrtbase.dll+0x2cd30]
C  [KERNEL32.DLL+0x2e957]
C  [ntdll.dll+0xaad6c]


---------------  P R O C E S S  ---------------

Threads class SMR info:
_java_thread_list=0x000001ce61fa11e0, length=44, elements={
0x000001ce7d71c800, 0x000001ce7d7cc330, 0x000001ce7d7ce310, 0x000001ce7d7d0ed0,
0x000001ce7d7d1b30, 0x000001ce7d7d6930, 0x000001ce7d7d95f0, 0x000001ce7d7db240,
0x000001ce7d7db8f0, 0x000001ce58acc360, 0x000001ce5a15aef0, 0x000001ce5f45c5d0,
0x000001ce5f321220, 0x000001ce5f359930, 0x000001ce5f35a370, 0x000001ce5f99b060,
0x000001ce588f7d90, 0x000001ce5f9995a0, 0x000001ce5feaed90, 0x000001ce5feae070,
0x000001ce600a7720, 0x000001ce600a5650, 0x000001ce600a6a00, 0x000001ce600a4fc0,
0x000001ce600a6370, 0x000001ce600a7090, 0x000001ce600a9160, 0x000001ce600a7db0,
0x000001ce600a8440, 0x000001ce600a5ce0, 0x000001ce600aa510, 0x000001ce600abf50,
0x000001ce600a97f0, 0x000001ce600a9e80, 0x000001ce600aaba0, 0x000001ce600ab230,
0x000001ce600ab8c0, 0x000001ce600a8ad0, 0x000001ce600ac5e0, 0x000001ce61953870,
0x000001ce63e2c220, 0x000001ce5a2e9ae0, 0x000001ce63682c30, 0x000001ce63680b60
}

Java Threads: ( => current thread )
  0x000001ce7d71c800 JavaThread "main"                              [_thread_blocked, id=24688, stack(0x0000008639400000,0x0000008639500000) (1024K)]
  0x000001ce7d7cc330 JavaThread "Reference Handler"          daemon [_thread_blocked, id=22392, stack(0x0000008639800000,0x0000008639900000) (1024K)]
  0x000001ce7d7ce310 JavaThread "Finalizer"                  daemon [_thread_blocked, id=25396, stack(0x0000008639900000,0x0000008639a00000) (1024K)]
  0x000001ce7d7d0ed0 JavaThread "Signal Dispatcher"          daemon [_thread_blocked, id=17264, stack(0x0000008639a00000,0x0000008639b00000) (1024K)]
=>0x000001ce7d7d1b30 JavaThread "Attach Listener"            daemon [_thread_in_vm, id=3164, stack(0x0000008639b00000,0x0000008639c00000) (1024K)]
  0x000001ce7d7d6930 JavaThread "Service Thread"             daemon [_thread_blocked, id=22472, stack(0x0000008639c00000,0x0000008639d00000) (1024K)]
  0x000001ce7d7d95f0 JavaThread "Monitor Deflation Thread"   daemon [_thread_blocked, id=25288, stack(0x0000008639d00000,0x0000008639e00000) (1024K)]
  0x000001ce7d7db240 JavaThread "C2 CompilerThread0"         daemon [_thread_blocked, id=10248, stack(0x0000008639e00000,0x0000008639f00000) (1024K)]
  0x000001ce7d7db8f0 JavaThread "C1 CompilerThread0"         daemon [_thread_blocked, id=23864, stack(0x0000008639f00000,0x000000863a000000) (1024K)]
  0x000001ce58acc360 JavaThread "Common-Cleaner"             daemon [_thread_blocked, id=25628, stack(0x000000863a200000,0x000000863a300000) (1024K)]
  0x000001ce5a15aef0 JavaThread "Notification Thread"        daemon [_thread_blocked, id=6384, stack(0x000000863a500000,0x000000863a600000) (1024K)]
  0x000001ce5f45c5d0 JavaThread "Active Thread: Equinox Container: 5ba63fcb-9c9c-4b0f-ae44-8eb264b08c21"        [_thread_blocked, id=25120, stack(0x000000863ae00000,0x000000863af00000) (1024K)]
  0x000001ce5f321220 JavaThread "Refresh Thread: Equinox Container: 5ba63fcb-9c9c-4b0f-ae44-8eb264b08c21" daemon [_thread_blocked, id=5684, stack(0x000000863b000000,0x000000863b100000) (1024K)]
  0x000001ce5f359930 JavaThread "Framework Event Dispatcher: Equinox Container: 5ba63fcb-9c9c-4b0f-ae44-8eb264b08c21" daemon [_thread_blocked, id=14476, stack(0x000000863b100000,0x000000863b200000) (1024K)]
  0x000001ce5f35a370 JavaThread "Start Level: Equinox Container: 5ba63fcb-9c9c-4b0f-ae44-8eb264b08c21" daemon [_thread_blocked, id=20896, stack(0x000000863b200000,0x000000863b300000) (1024K)]
  0x000001ce5f99b060 JavaThread "Bundle File Closer"         daemon [_thread_blocked, id=27332, stack(0x000000863b500000,0x000000863b600000) (1024K)]
  0x000001ce588f7d90 JavaThread "SCR Component Actor"        daemon [_thread_blocked, id=22732, stack(0x000000863a000000,0x000000863a100000) (1024K)]
  0x000001ce5f9995a0 JavaThread "Worker-JM"                         [_thread_blocked, id=10040, stack(0x000000863b600000,0x000000863b700000) (1024K)]
  0x000001ce5feaed90 JavaThread "JNA Cleaner"                daemon [_thread_blocked, id=12204, stack(0x000000863a400000,0x000000863a500000) (1024K)]
  0x000001ce5feae070 JavaThread "Java indexing"              daemon [_thread_blocked, id=25592, stack(0x000000863bd00000,0x000000863be00000) (1024K)]
  0x000001ce600a7720 JavaThread "Thread-1"                   daemon [_thread_in_native, id=22080, stack(0x000000863c200000,0x000000863c300000) (1024K)]
  0x000001ce600a5650 JavaThread "Thread-2"                   daemon [_thread_in_native, id=21060, stack(0x000000863c300000,0x000000863c400000) (1024K)]
  0x000001ce600a6a00 JavaThread "Thread-3"                   daemon [_thread_in_native, id=14012, stack(0x000000863c400000,0x000000863c500000) (1024K)]
  0x000001ce600a4fc0 JavaThread "Thread-4"                   daemon [_thread_in_native, id=17624, stack(0x000000863c500000,0x000000863c600000) (1024K)]
  0x000001ce600a6370 JavaThread "Thread-5"                   daemon [_thread_in_native, id=7480, stack(0x000000863c600000,0x000000863c700000) (1024K)]
  0x000001ce600a7090 JavaThread "Thread-6"                   daemon [_thread_in_native, id=6032, stack(0x000000863c700000,0x000000863c800000) (1024K)]
  0x000001ce600a9160 JavaThread "Thread-7"                   daemon [_thread_in_native, id=836, stack(0x000000863c800000,0x000000863c900000) (1024K)]
  0x000001ce600a7db0 JavaThread "Thread-8"                   daemon [_thread_in_native, id=23660, stack(0x000000863c900000,0x000000863ca00000) (1024K)]
  0x000001ce600a8440 JavaThread "Thread-9"                   daemon [_thread_in_native, id=10636, stack(0x000000863ca00000,0x000000863cb00000) (1024K)]
  0x000001ce600a5ce0 JavaThread "Thread-10"                  daemon [_thread_in_native, id=16100, stack(0x000000863cb00000,0x000000863cc00000) (1024K)]
  0x000001ce600aa510 JavaThread "Thread-11"                  daemon [_thread_in_native, id=21820, stack(0x000000863cc00000,0x000000863cd00000) (1024K)]
  0x000001ce600abf50 JavaThread "Thread-12"                  daemon [_thread_in_native, id=25936, stack(0x000000863cd00000,0x000000863ce00000) (1024K)]
  0x000001ce600a97f0 JavaThread "Thread-13"                  daemon [_thread_in_native, id=23488, stack(0x000000863ce00000,0x000000863cf00000) (1024K)]
  0x000001ce600a9e80 JavaThread "Thread-14"                  daemon [_thread_in_native, id=10980, stack(0x000000863cf00000,0x000000863d000000) (1024K)]
  0x000001ce600aaba0 JavaThread "Thread-15"                  daemon [_thread_in_native, id=22672, stack(0x000000863d000000,0x000000863d100000) (1024K)]
  0x000001ce600ab230 JavaThread "Thread-16"                  daemon [_thread_in_native, id=3804, stack(0x000000863d100000,0x000000863d200000) (1024K)]
  0x000001ce600ab8c0 JavaThread "Thread-17"                  daemon [_thread_in_native, id=22204, stack(0x000000863d200000,0x000000863d300000) (1024K)]
  0x000001ce600a8ad0 JavaThread "pool-2-thread-1"                   [_thread_blocked, id=3328, stack(0x000000863d300000,0x000000863d400000) (1024K)]
  0x000001ce600ac5e0 JavaThread "WorkspaceEventsHandler"            [_thread_blocked, id=25124, stack(0x000000863d900000,0x000000863da00000) (1024K)]
  0x000001ce61953870 JavaThread "pool-1-thread-1"                   [_thread_blocked, id=20212, stack(0x000000863da00000,0x000000863db00000) (1024K)]
  0x000001ce63e2c220 JavaThread "Cleaner-0"                  daemon [_thread_blocked, id=21900, stack(0x0000008640600000,0x0000008640700000) (1024K)]
  0x000001ce5a2e9ae0 JavaThread "Worker-8"                          [_thread_blocked, id=20820, stack(0x000000863a600000,0x000000863a700000) (1024K)]
  0x000001ce63682c30 JavaThread "Worker-12"                         [_thread_blocked, id=24280, stack(0x0000008639300000,0x0000008639400000) (1024K)]
  0x000001ce63680b60 JavaThread "Worker-13"                         [_thread_blocked, id=19388, stack(0x0000008639200000,0x0000008639300000) (1024K)]
Total: 44

Other Threads:
  0x000001ce16322d60 VMThread "VM Thread"                           [id=23884, stack(0x0000008639700000,0x0000008639800000) (1024K)]
  0x000001ce1621ca00 WatcherThread "VM Periodic Task Thread"        [id=26228, stack(0x0000008639600000,0x0000008639700000) (1024K)]
  0x000001ce7d73ba90 WorkerThread "GC Thread#0"                     [id=7824, stack(0x0000008639500000,0x0000008639600000) (1024K)]
  0x000001ce5a571ed0 WorkerThread "GC Thread#1"                     [id=17548, stack(0x000000863a700000,0x000000863a800000) (1024K)]
  0x000001ce5a572280 WorkerThread "GC Thread#2"                     [id=25328, stack(0x000000863a800000,0x000000863a900000) (1024K)]
  0x000001ce5a4a6620 WorkerThread "GC Thread#3"                     [id=25264, stack(0x000000863a900000,0x000000863aa00000) (1024K)]
  0x000001ce5a4a69d0 WorkerThread "GC Thread#4"                     [id=24416, stack(0x000000863aa00000,0x000000863ab00000) (1024K)]
  0x000001ce5a8cde20 WorkerThread "GC Thread#5"                     [id=19968, stack(0x000000863ab00000,0x000000863ac00000) (1024K)]
  0x000001ce5a733180 WorkerThread "GC Thread#6"                     [id=14596, stack(0x000000863ac00000,0x000000863ad00000) (1024K)]
  0x000001ce5a7338e0 WorkerThread "GC Thread#7"                     [id=25364, stack(0x000000863af00000,0x000000863b000000) (1024K)]
  0x000001ce5a734040 WorkerThread "GC Thread#8"                     [id=19080, stack(0x000000863ad00000,0x000000863ae00000) (1024K)]
  0x000001ce5a7343f0 WorkerThread "GC Thread#9"                     [id=26484, stack(0x000000863b300000,0x000000863b400000) (1024K)]
  0x000001ce5a733530 WorkerThread "GC Thread#10"                    [id=12976, stack(0x000000863b400000,0x000000863b500000) (1024K)]
  0x000001ce5f2600c0 WorkerThread "GC Thread#11"                    [id=21100, stack(0x000000863b700000,0x000000863b800000) (1024K)]
  0x000001ce5f260470 WorkerThread "GC Thread#12"                    [id=24700, stack(0x000000863b800000,0x000000863b900000) (1024K)]
Total: 15

Threads with active compile tasks:
Total: 0

VM state: not at safepoint (normal execution)

VM Mutex/Monitor currently owned by a thread: None

Heap address: 0x0000000080000000, size: 2048 MB, Compressed Oops mode: 32-bit

CDS archive(s) mapped at: [0x000001ce17000000-0x000001ce17ba0000-0x000001ce17ba0000), size 12189696, SharedBaseAddress: 0x000001ce17000000, ArchiveRelocationMode: 1.
Compressed class space mapped at: 0x000001ce18000000-0x000001ce58000000, reserved size: 1073741824
Narrow klass base: 0x000001ce17000000, Narrow klass shift: 0, Narrow klass range: 0x100000000

GC Precious Log:
 CardTable entry size: 512
 CPUs: 16 total, 16 available
 Memory: 15987M
 Large Page Support: Disabled
 NUMA Support: Disabled
 Compressed Oops: Enabled (32-bit)
 Alignments: Space 512K, Generation 512K, Heap 2M
 Heap Min Capacity: 100M
 Heap Initial Capacity: 100M
 Heap Max Capacity: 2G
 Pre-touch: Disabled
 Parallel Workers: 13

Heap:
 PSYoungGen      total 4608K, used 2501K [0x00000000d5580000, 0x00000000d5e00000, 0x0000000100000000)
  eden space 4096K, 54% used [0x00000000d5580000,0x00000000d57a9650,0x00000000d5980000)
  from space 512K, 56% used [0x00000000d5d80000,0x00000000d5dc8000,0x00000000d5e00000)
  to   space 1536K, 0% used [0x00000000d5b00000,0x00000000d5b00000,0x00000000d5c80000)
 ParOldGen       total 1239552K, used 1239332K [0x0000000080000000, 0x00000000cba80000, 0x00000000d5580000)
  object space 1239552K, 99% used [0x0000000080000000,0x00000000cba493e0,0x00000000cba80000)
 Metaspace       used 88912K, committed 90752K, reserved 1179648K
  class space    used 9012K, committed 9856K, reserved 1048576K

Card table byte_map: [0x000001ce7d0c0000,0x000001ce7d4d0000] _byte_map_base: 0x000001ce7ccc0000

Marking Bits: (ParMarkBitMap*) 0x00007ffcb5034460
 Begin Bits: [0x000001ce12140000, 0x000001ce14140000)
 End Bits:   [0x000001ce14140000, 0x000001ce16140000)

Polling page: 0x000001ce7b8f0000

Metaspace:

Usage:
  Non-class:     78.03 MB used.
      Class:      8.80 MB used.
       Both:     86.83 MB used.

Virtual space:
  Non-class space:      128.00 MB reserved,      79.00 MB ( 62%) committed,  2 nodes.
      Class space:        1.00 GB reserved,       9.62 MB ( <1%) committed,  1 nodes.
             Both:        1.12 GB reserved,      88.62 MB (  8%) committed. 

Chunk freelists:
   Non-Class:  512.00 KB
       Class:  6.42 MB
        Both:  6.92 MB

MaxMetaspaceSize: unlimited
CompressedClassSpaceSize: 1.00 GB
Initial GC threshold: 21.00 MB
Current GC threshold: 130.56 MB
CDS: on
 - commit_granule_bytes: 65536.
 - commit_granule_words: 8192.
 - virtual_space_node_default_size: 8388608.
 - enlarge_chunks_in_place: 1.
 - use_allocation_guard: 0.


Internal statistics:

num_allocs_failed_limit: 9.
num_arena_births: 1610.
num_arena_deaths: 22.
num_vsnodes_births: 3.
num_vsnodes_deaths: 0.
num_space_committed: 1418.
num_space_uncommitted: 0.
num_chunks_returned_to_freelist: 33.
num_chunks_taken_from_freelist: 5945.
num_chunk_merges: 15.
num_chunk_splits: 3579.
num_chunks_enlarged: 1959.
num_inconsistent_stats: 0.

CodeHeap 'non-profiled nmethods': size=119168Kb used=21946Kb max_used=21946Kb free=97221Kb
 bounds [0x000001ce0ace0000, 0x000001ce0c250000, 0x000001ce12140000]
CodeHeap 'profiled nmethods': size=119104Kb used=52407Kb max_used=52407Kb free=66696Kb
 bounds [0x000001ce03140000, 0x000001ce06470000, 0x000001ce0a590000]
CodeHeap 'non-nmethods': size=7488Kb used=1515Kb max_used=3242Kb free=5972Kb
 bounds [0x000001ce0a590000, 0x000001ce0a910000, 0x000001ce0ace0000]
CodeCache: size=245760Kb, used=75868Kb, max_used=77595Kb, free=169889Kb
 total_blobs=20760, nmethods=19929, adapters=733, full_count=0
Compilation: enabled, stopped_count=0, restarted_count=0

Compilation events (20 events):
Event: 3680.834 Thread 0x000001ce7d7db8f0 21470       1       org.eclipse.lsp4j.FileEvent::getType (5 bytes)
Event: 3680.835 Thread 0x000001ce7d7db8f0 nmethod 21470 0x000001ce0c24db10 code [0x000001ce0c24dca0, 0x000001ce0c24dd68]
Event: 3845.419 Thread 0x000001ce7d7db8f0 21471       1       com.sun.jna.internal.Cleaner::access$200 (5 bytes)
Event: 3845.419 Thread 0x000001ce7d7db8f0 nmethod 21471 0x000001ce0c24de10 code [0x000001ce0c24dfa0, 0x000001ce0c24e050]
Event: 3907.601 Thread 0x000001ce7d7db8f0 21472       3       java.lang.ProcessHandleImpl::get (51 bytes)
Event: 3907.602 Thread 0x000001ce7d7db8f0 nmethod 21472 0x000001ce0646a390 code [0x000001ce0646a5a0, 0x000001ce0646aba8]
Event: 3907.602 Thread 0x000001ce7d7db8f0 21473       3       java.lang.ProcessHandleImpl::isAlive (44 bytes)
Event: 3907.602 Thread 0x000001ce7d7db8f0 nmethod 21473 0x000001ce0646ae10 code [0x000001ce0646afc0, 0x000001ce0646b220]
Event: 4279.426 Thread 0x000001ce7d7db8f0 21475       3       com.sun.org.apache.xml.internal.serializer.ToStream::writeAttrString (117 bytes)
Event: 4279.427 Thread 0x000001ce7d7db8f0 nmethod 21475 0x000001ce0646b310 code [0x000001ce0646b540, 0x000001ce0646bdc8]
Event: 4279.427 Thread 0x000001ce7d7db8f0 21474       3       com.sun.org.apache.xerces.internal.dom.NamedNodeMapImpl::item (38 bytes)
Event: 4279.427 Thread 0x000001ce7d7db8f0 nmethod 21474 0x000001ce0646c190 code [0x000001ce0646c360, 0x000001ce0646c7a0]
Event: 4279.432 Thread 0x000001ce7d7db8f0 21476       1       java.io.ObjectStreamField::getName (5 bytes)
Event: 4279.432 Thread 0x000001ce7d7db8f0 nmethod 21476 0x000001ce0c24e110 code [0x000001ce0c24e2a0, 0x000001ce0c24e368]
Event: 4279.436 Thread 0x000001ce7d7db8f0 21477       3       java.io.FilterOutputStream::<init> (21 bytes)
Event: 4279.436 Thread 0x000001ce7d7db8f0 nmethod 21477 0x000001ce0646c890 code [0x000001ce0646ca40, 0x000001ce0646ccf0]
Event: 4279.549 Thread 0x000001ce7d7db8f0 21478       3       org.eclipse.core.internal.jobs.JobManager::startJob (89 bytes)
Event: 4279.549 Thread 0x000001ce7d7db240 21479       4       org.eclipse.core.internal.jobs.JobManager::now (16 bytes)
Event: 4279.549 Thread 0x000001ce7d7db8f0 nmethod 21478 0x000001ce0646ce10 code [0x000001ce0646d0a0, 0x000001ce0646db20]
Event: 4279.550 Thread 0x000001ce7d7db240 nmethod 21479 0x000001ce0c24e410 code [0x000001ce0c24e5a0, 0x000001ce0c24e6d0]

GC Heap History (20 events):
Event: 3677.965 GC heap before
{Heap before GC invocations=1857 (full 4):
 PSYoungGen      total 4096K, used 4070K [0x00000000d5580000, 0x00000000d5d80000, 0x0000000100000000)
  eden space 3072K, 100% used [0x00000000d5580000,0x00000000d5880000,0x00000000d5880000)
  from space 1024K, 97% used [0x00000000d5c80000,0x00000000d5d79b00,0x00000000d5d80000)
  to   space 2048K, 0% used [0x00000000d5980000,0x00000000d5980000,0x00000000d5b80000)
 ParOldGen       total 1217024K, used 1216517K [0x0000000080000000, 0x00000000ca480000, 0x00000000d5580000)
  object space 1217024K, 99% used [0x0000000080000000,0x00000000ca401510,0x00000000ca480000)
 Metaspace       used 88883K, committed 90752K, reserved 1179648K
  class space    used 9009K, committed 9856K, reserved 1048576K
}
Event: 3677.967 GC heap after
{Heap after GC invocations=1857 (full 4):
 PSYoungGen      total 5120K, used 2048K [0x00000000d5580000, 0x00000000d6280000, 0x0000000100000000)
  eden space 3072K, 0% used [0x00000000d5580000,0x00000000d5580000,0x00000000d5880000)
  from space 2048K, 100% used [0x00000000d5980000,0x00000000d5b80000,0x00000000d5b80000)
  to   space 5120K, 0% used [0x00000000d5d80000,0x00000000d5d80000,0x00000000d6280000)
 ParOldGen       total 1219072K, used 1218788K [0x0000000080000000, 0x00000000ca680000, 0x00000000d5580000)
  object space 1219072K, 99% used [0x0000000080000000,0x00000000ca639240,0x00000000ca680000)
 Metaspace       used 88883K, committed 90752K, reserved 1179648K
  class space    used 9009K, committed 9856K, reserved 1048576K
}
Event: 3677.971 GC heap before
{Heap before GC invocations=1858 (full 4):
 PSYoungGen      total 5120K, used 4938K [0x00000000d5580000, 0x00000000d6280000, 0x0000000100000000)
  eden space 3072K, 94% used [0x00000000d5580000,0x00000000d5852900,0x00000000d5880000)
  from space 2048K, 100% used [0x00000000d5980000,0x00000000d5b80000,0x00000000d5b80000)
  to   space 5120K, 0% used [0x00000000d5d80000,0x00000000d5d80000,0x00000000d6280000)
 ParOldGen       total 1219072K, used 1218788K [0x0000000080000000, 0x00000000ca680000, 0x00000000d5580000)
  object space 1219072K, 99% used [0x0000000080000000,0x00000000ca639240,0x00000000ca680000)
 Metaspace       used 88883K, committed 90752K, reserved 1179648K
  class space    used 9009K, committed 9856K, reserved 1048576K
}
Event: 3677.973 GC heap after
{Heap after GC invocations=1858 (full 4):
 PSYoungGen      total 7168K, used 2512K [0x00000000d5580000, 0x00000000d6080000, 0x0000000100000000)
  eden space 4096K, 0% used [0x00000000d5580000,0x00000000d5580000,0x00000000d5980000)
  from space 3072K, 81% used [0x00000000d5d80000,0x00000000d5ff4000,0x00000000d6080000)
  to   space 3584K, 0% used [0x00000000d5980000,0x00000000d5980000,0x00000000d5d00000)
 ParOldGen       total 1221120K, used 1220900K [0x0000000080000000, 0x00000000ca880000, 0x00000000d5580000)
  object space 1221120K, 99% used [0x0000000080000000,0x00000000ca849240,0x00000000ca880000)
 Metaspace       used 88883K, committed 90752K, reserved 1179648K
  class space    used 9009K, committed 9856K, reserved 1048576K
}
Event: 3677.984 GC heap before
{Heap before GC invocations=1859 (full 4):
 PSYoungGen      total 7168K, used 6572K [0x00000000d5580000, 0x00000000d6080000, 0x0000000100000000)
  eden space 4096K, 99% used [0x00000000d5580000,0x00000000d5977388,0x00000000d5980000)
  from space 3072K, 81% used [0x00000000d5d80000,0x00000000d5ff4000,0x00000000d6080000)
  to   space 3584K, 0% used [0x00000000d5980000,0x00000000d5980000,0x00000000d5d00000)
 ParOldGen       total 1221120K, used 1220900K [0x0000000080000000, 0x00000000ca880000, 0x00000000d5580000)
  object space 1221120K, 99% used [0x0000000080000000,0x00000000ca849240,0x00000000ca880000)
 Metaspace       used 88883K, committed 90752K, reserved 1179648K
  class space    used 9009K, committed 9856K, reserved 1048576K
}
Event: 3677.987 GC heap after
{Heap after GC invocations=1859 (full 4):
 PSYoungGen      total 7680K, used 3577K [0x00000000d5580000, 0x00000000d6880000, 0x0000000100000000)
  eden space 4096K, 0% used [0x00000000d5580000,0x00000000d5580000,0x00000000d5980000)
  from space 3584K, 99% used [0x00000000d5980000,0x00000000d5cfe440,0x00000000d5d00000)
  to   space 7168K, 0% used [0x00000000d6180000,0x00000000d6180000,0x00000000d6880000)
 ParOldGen       total 1223680K, used 1223468K [0x0000000080000000, 0x00000000cab00000, 0x00000000d5580000)
  object space 1223680K, 99% used [0x0000000080000000,0x00000000caacb240,0x00000000cab00000)
 Metaspace       used 88883K, committed 90752K, reserved 1179648K
  class space    used 9009K, committed 9856K, reserved 1048576K
}
Event: 3678.241 GC heap before
{Heap before GC invocations=1860 (full 4):
 PSYoungGen      total 7680K, used 7673K [0x00000000d5580000, 0x00000000d6880000, 0x0000000100000000)
  eden space 4096K, 100% used [0x00000000d5580000,0x00000000d5980000,0x00000000d5980000)
  from space 3584K, 99% used [0x00000000d5980000,0x00000000d5cfe440,0x00000000d5d00000)
  to   space 7168K, 0% used [0x00000000d6180000,0x00000000d6180000,0x00000000d6880000)
 ParOldGen       total 1223680K, used 1223468K [0x0000000080000000, 0x00000000cab00000, 0x00000000d5580000)
  object space 1223680K, 99% used [0x0000000080000000,0x00000000caacb240,0x00000000cab00000)
 Metaspace       used 88895K, committed 90752K, reserved 1179648K
  class space    used 9012K, committed 9856K, reserved 1048576K
}
Event: 3678.243 GC heap after
{Heap after GC invocations=1860 (full 4):
 PSYoungGen      total 5632K, used 1312K [0x00000000d5580000, 0x00000000d6300000, 0x0000000100000000)
  eden space 4096K, 0% used [0x00000000d5580000,0x00000000d5580000,0x00000000d5980000)
  from space 1536K, 85% used [0x00000000d6180000,0x00000000d62c8040,0x00000000d6300000)
  to   space 3072K, 0% used [0x00000000d5d00000,0x00000000d5d00000,0x00000000d6000000)
 ParOldGen       total 1226752K, used 1226717K [0x0000000080000000, 0x00000000cae00000, 0x00000000d5580000)
  object space 1226752K, 99% used [0x0000000080000000,0x00000000cadf7460,0x00000000cae00000)
 Metaspace       used 88895K, committed 90752K, reserved 1179648K
  class space    used 9012K, committed 9856K, reserved 1048576K
}
Event: 3678.560 GC heap before
{Heap before GC invocations=1861 (full 4):
 PSYoungGen      total 5632K, used 5402K [0x00000000d5580000, 0x00000000d6300000, 0x0000000100000000)
  eden space 4096K, 99% used [0x00000000d5580000,0x00000000d597e830,0x00000000d5980000)
  from space 1536K, 85% used [0x00000000d6180000,0x00000000d62c8040,0x00000000d6300000)
  to   space 3072K, 0% used [0x00000000d5d00000,0x00000000d5d00000,0x00000000d6000000)
 ParOldGen       total 1226752K, used 1226717K [0x0000000080000000, 0x00000000cae00000, 0x00000000d5580000)
  object space 1226752K, 99% used [0x0000000080000000,0x00000000cadf7460,0x00000000cae00000)
 Metaspace       used 88896K, committed 90752K, reserved 1179648K
  class space    used 9012K, committed 9856K, reserved 1048576K
}
Event: 3678.561 GC heap after
{Heap after GC invocations=1861 (full 4):
 PSYoungGen      total 7168K, used 416K [0x00000000d5580000, 0x00000000d6200000, 0x0000000100000000)
  eden space 4096K, 0% used [0x00000000d5580000,0x00000000d5580000,0x00000000d5980000)
  from space 3072K, 13% used [0x00000000d5d00000,0x00000000d5d68000,0x00000000d6000000)
  to   space 1536K, 0% used [0x00000000d6080000,0x00000000d6080000,0x00000000d6200000)
 ParOldGen       total 1228288K, used 1227938K [0x0000000080000000, 0x00000000caf80000, 0x00000000d5580000)
  object space 1228288K, 99% used [0x0000000080000000,0x00000000caf28930,0x00000000caf80000)
 Metaspace       used 88896K, committed 90752K, reserved 1179648K
  class space    used 9012K, committed 9856K, reserved 1048576K
}
Event: 3679.175 GC heap before
{Heap before GC invocations=1862 (full 4):
 PSYoungGen      total 7168K, used 4512K [0x00000000d5580000, 0x00000000d6200000, 0x0000000100000000)
  eden space 4096K, 100% used [0x00000000d5580000,0x00000000d5980000,0x00000000d5980000)
  from space 3072K, 13% used [0x00000000d5d00000,0x00000000d5d68000,0x00000000d6000000)
  to   space 1536K, 0% used [0x00000000d6080000,0x00000000d6080000,0x00000000d6200000)
 ParOldGen       total 1228288K, used 1227938K [0x0000000080000000, 0x00000000caf80000, 0x00000000d5580000)
  object space 1228288K, 99% used [0x0000000080000000,0x00000000caf28930,0x00000000caf80000)
 Metaspace       used 88902K, committed 90752K, reserved 1179648K
  class space    used 9012K, committed 9856K, reserved 1048576K
}
Event: 3679.176 GC heap after
{Heap after GC invocations=1862 (full 4):
 PSYoungGen      total 5632K, used 1510K [0x00000000d5580000, 0x00000000d6200000, 0x0000000100000000)
  eden space 4096K, 0% used [0x00000000d5580000,0x00000000d5580000,0x00000000d5980000)
  from space 1536K, 98% used [0x00000000d6080000,0x00000000d61f9b00,0x00000000d6200000)
  to   space 2048K, 0% used [0x00000000d5e00000,0x00000000d5e00000,0x00000000d6000000)
 ParOldGen       total 1228288K, used 1228154K [0x0000000080000000, 0x00000000caf80000, 0x00000000d5580000)
  object space 1228288K, 99% used [0x0000000080000000,0x00000000caf5e930,0x00000000caf80000)
 Metaspace       used 88902K, committed 90752K, reserved 1179648K
  class space    used 9012K, committed 9856K, reserved 1048576K
}
Event: 3679.181 GC heap before
{Heap before GC invocations=1863 (full 4):
 PSYoungGen      total 5632K, used 5594K [0x00000000d5580000, 0x00000000d6200000, 0x0000000100000000)
  eden space 4096K, 99% used [0x00000000d5580000,0x00000000d597cf60,0x00000000d5980000)
  from space 1536K, 98% used [0x00000000d6080000,0x00000000d61f9b00,0x00000000d6200000)
  to   space 2048K, 0% used [0x00000000d5e00000,0x00000000d5e00000,0x00000000d6000000)
 ParOldGen       total 1228288K, used 1228154K [0x0000000080000000, 0x00000000caf80000, 0x00000000d5580000)
  object space 1228288K, 99% used [0x0000000080000000,0x00000000caf5e930,0x00000000caf80000)
 Metaspace       used 88902K, committed 90752K, reserved 1179648K
  class space    used 9012K, committed 9856K, reserved 1048576K
}
Event: 3679.184 GC heap after
{Heap after GC invocations=1863 (full 4):
 PSYoungGen      total 6144K, used 2018K [0x00000000d5580000, 0x00000000d6680000, 0x0000000100000000)
  eden space 4096K, 0% used [0x00000000d5580000,0x00000000d5580000,0x00000000d5980000)
  from space 2048K, 98% used [0x00000000d5e00000,0x00000000d5ff8800,0x00000000d6000000)
  to   space 6656K, 0% used [0x00000000d6000000,0x00000000d6000000,0x00000000d6680000)
 ParOldGen       total 1231872K, used 1231812K [0x0000000080000000, 0x00000000cb300000, 0x00000000d5580000)
  object space 1231872K, 99% used [0x0000000080000000,0x00000000cb2f11c0,0x00000000cb300000)
 Metaspace       used 88902K, committed 90752K, reserved 1179648K
  class space    used 9012K, committed 9856K, reserved 1048576K
}
Event: 3679.198 GC heap before
{Heap before GC invocations=1864 (full 4):
 PSYoungGen      total 6144K, used 6114K [0x00000000d5580000, 0x00000000d6680000, 0x0000000100000000)
  eden space 4096K, 100% used [0x00000000d5580000,0x00000000d5980000,0x00000000d5980000)
  from space 2048K, 98% used [0x00000000d5e00000,0x00000000d5ff8800,0x00000000d6000000)
  to   space 6656K, 0% used [0x00000000d6000000,0x00000000d6000000,0x00000000d6680000)
 ParOldGen       total 1231872K, used 1231812K [0x0000000080000000, 0x00000000cb300000, 0x00000000d5580000)
  object space 1231872K, 99% used [0x0000000080000000,0x00000000cb2f11c0,0x00000000cb300000)
 Metaspace       used 88902K, committed 90752K, reserved 1179648K
  class space    used 9012K, committed 9856K, reserved 1048576K
}
Event: 3679.201 GC heap after
{Heap after GC invocations=1864 (full 4):
 PSYoungGen      total 8192K, used 3696K [0x00000000d5580000, 0x00000000d6400000, 0x0000000100000000)
  eden space 4096K, 0% used [0x00000000d5580000,0x00000000d5580000,0x00000000d5980000)
  from space 4096K, 90% used [0x00000000d6000000,0x00000000d639c220,0x00000000d6400000)
  to   space 4608K, 0% used [0x00000000d5b00000,0x00000000d5b00000,0x00000000d5f80000)
 ParOldGen       total 1233920K, used 1233788K [0x0000000080000000, 0x00000000cb500000, 0x00000000d5580000)
  object space 1233920K, 99% used [0x0000000080000000,0x00000000cb4df1c0,0x00000000cb500000)
 Metaspace       used 88902K, committed 90752K, reserved 1179648K
  class space    used 9012K, committed 9856K, reserved 1048576K
}
Event: 3679.714 GC heap before
{Heap before GC invocations=1865 (full 4):
 PSYoungGen      total 8192K, used 7792K [0x00000000d5580000, 0x00000000d6400000, 0x0000000100000000)
  eden space 4096K, 100% used [0x00000000d5580000,0x00000000d5980000,0x00000000d5980000)
  from space 4096K, 90% used [0x00000000d6000000,0x00000000d639c220,0x00000000d6400000)
  to   space 4608K, 0% used [0x00000000d5b00000,0x00000000d5b00000,0x00000000d5f80000)
 ParOldGen       total 1233920K, used 1233788K [0x0000000080000000, 0x00000000cb500000, 0x00000000d5580000)
  object space 1233920K, 99% used [0x0000000080000000,0x00000000cb4df1c0,0x00000000cb500000)
 Metaspace       used 88907K, committed 90752K, reserved 1179648K
  class space    used 9012K, committed 9856K, reserved 1048576K
}
Event: 3679.716 GC heap after
{Heap after GC invocations=1865 (full 4):
 PSYoungGen      total 6656K, used 2304K [0x00000000d5580000, 0x00000000d6080000, 0x0000000100000000)
  eden space 4096K, 0% used [0x00000000d5580000,0x00000000d5580000,0x00000000d5980000)
  from space 2560K, 90% used [0x00000000d5b00000,0x00000000d5d40000,0x00000000d5d80000)
  to   space 3072K, 0% used [0x00000000d5d80000,0x00000000d5d80000,0x00000000d6080000)
 ParOldGen       total 1237504K, used 1237340K [0x0000000080000000, 0x00000000cb880000, 0x00000000d5580000)
  object space 1237504K, 99% used [0x0000000080000000,0x00000000cb8573e0,0x00000000cb880000)
 Metaspace       used 88907K, committed 90752K, reserved 1179648K
  class space    used 9012K, committed 9856K, reserved 1048576K
}
Event: 3680.929 GC heap before
{Heap before GC invocations=1866 (full 4):
 PSYoungGen      total 6656K, used 6400K [0x00000000d5580000, 0x00000000d6080000, 0x0000000100000000)
  eden space 4096K, 100% used [0x00000000d5580000,0x00000000d5980000,0x00000000d5980000)
  from space 2560K, 90% used [0x00000000d5b00000,0x00000000d5d40000,0x00000000d5d80000)
  to   space 3072K, 0% used [0x00000000d5d80000,0x00000000d5d80000,0x00000000d6080000)
 ParOldGen       total 1237504K, used 1237340K [0x0000000080000000, 0x00000000cb880000, 0x00000000d5580000)
  object space 1237504K, 99% used [0x0000000080000000,0x00000000cb8573e0,0x00000000cb880000)
 Metaspace       used 88908K, committed 90752K, reserved 1179648K
  class space    used 9012K, committed 9856K, reserved 1048576K
}
Event: 3680.931 GC heap after
{Heap after GC invocations=1866 (full 4):
 PSYoungGen      total 4608K, used 288K [0x00000000d5580000, 0x00000000d5e00000, 0x0000000100000000)
  eden space 4096K, 0% used [0x00000000d5580000,0x00000000d5580000,0x00000000d5980000)
  from space 512K, 56% used [0x00000000d5d80000,0x00000000d5dc8000,0x00000000d5e00000)
  to   space 1536K, 0% used [0x00000000d5b00000,0x00000000d5b00000,0x00000000d5c80000)
 ParOldGen       total 1239552K, used 1239332K [0x0000000080000000, 0x00000000cba80000, 0x00000000d5580000)
  object space 1239552K, 99% used [0x0000000080000000,0x00000000cba493e0,0x00000000cba80000)
 Metaspace       used 88908K, committed 90752K, reserved 1179648K
  class space    used 9012K, committed 9856K, reserved 1048576K
}

Dll operation events (12 events):
Event: 0.010 Loaded shared library c:\Users\adity\.vscode\extensions\redhat.java-1.55.0-win32-x64\jre\21.0.11-win32-x86_64\bin\java.dll
Event: 0.060 Loaded shared library c:\Users\adity\.vscode\extensions\redhat.java-1.55.0-win32-x64\jre\21.0.11-win32-x86_64\bin\zip.dll
Event: 0.077 Loaded shared library C:\Users\adity\.vscode\extensions\redhat.java-1.55.0-win32-x64\jre\21.0.11-win32-x86_64\bin\instrument.dll
Event: 0.084 Loaded shared library C:\Users\adity\.vscode\extensions\redhat.java-1.55.0-win32-x64\jre\21.0.11-win32-x86_64\bin\net.dll
Event: 0.085 Loaded shared library C:\Users\adity\.vscode\extensions\redhat.java-1.55.0-win32-x64\jre\21.0.11-win32-x86_64\bin\nio.dll
Event: 0.088 Loaded shared library C:\Users\adity\.vscode\extensions\redhat.java-1.55.0-win32-x64\jre\21.0.11-win32-x86_64\bin\zip.dll
Event: 0.102 Loaded shared library C:\Users\adity\.vscode\extensions\redhat.java-1.55.0-win32-x64\jre\21.0.11-win32-x86_64\bin\jimage.dll
Event: 0.158 Loaded shared library c:\Users\adity\.vscode\extensions\redhat.java-1.55.0-win32-x64\jre\21.0.11-win32-x86_64\bin\verify.dll
Event: 1.026 Loaded shared library C:\Users\adity\AppData\Roaming\Code\User\globalStorage\redhat.java\1.55.0\config_win\org.eclipse.equinox.launcher\org.eclipse.equinox.launcher.win32.win32.x86_64_1.3.100.v20260613-0559\eclipse_11924.dll
Event: 3.621 Loaded shared library C:\Users\adity\AppData\Local\Temp\jna-92665259\jna5993244845732029124.dll
Event: 595.835 Loaded shared library C:\Users\adity\.vscode\extensions\redhat.java-1.55.0-win32-x64\jre\21.0.11-win32-x86_64\bin\sunmscapi.dll
Event: 596.251 Loaded shared library C:\Users\adity\.vscode\extensions\redhat.java-1.55.0-win32-x64\jre\21.0.11-win32-x86_64\bin\extnet.dll

Deoptimization events (20 events):
Event: 2103.692 Thread 0x000001ce5a2e9450 Uncommon trap: trap_request=0xffffff45 fr.pc=0x000001ce0c157e4c relative=0x000000000000030c
Event: 2103.692 Thread 0x000001ce5a2e9450 Uncommon trap: reason=unstable_if action=reinterpret pc=0x000001ce0c157e4c method=org.eclipse.core.internal.jobs.JobManager.sleepHint()J @ 43 c2
Event: 2103.692 Thread 0x000001ce5a2e9450 DEOPT PACKING pc=0x000001ce0c157e4c sp=0x000000863dfff0d0
Event: 2103.692 Thread 0x000001ce5a2e9450 DEOPT UNPACKING pc=0x000001ce0a5e3aa2 sp=0x000000863dfff088 mode 2
Event: 3003.755 Thread 0x000001ce5a2e9450 Uncommon trap: trap_request=0xffffff45 fr.pc=0x000001ce0c155bf8 relative=0x0000000000000538
Event: 3003.755 Thread 0x000001ce5a2e9450 Uncommon trap: reason=unstable_if action=reinterpret pc=0x000001ce0c155bf8 method=org.eclipse.core.internal.jobs.JobManager.nextJob()Lorg/eclipse/core/runtime/jobs/Job; @ 78 c2
Event: 3003.755 Thread 0x000001ce5a2e9450 DEOPT PACKING pc=0x000001ce0c155bf8 sp=0x000000863dfff030
Event: 3003.755 Thread 0x000001ce5a2e9450 DEOPT UNPACKING pc=0x000001ce0a5e3aa2 sp=0x000000863dffefd8 mode 2
Event: 3003.755 Thread 0x000001ce5a2e9ae0 Uncommon trap: trap_request=0xffffff45 fr.pc=0x000001ce0c155aec relative=0x000000000000042c
Event: 3003.755 Thread 0x000001ce5a2e9ae0 Uncommon trap: reason=unstable_if action=reinterpret pc=0x000001ce0c155aec method=org.eclipse.core.internal.jobs.JobManager.nextJob()Lorg/eclipse/core/runtime/jobs/Job; @ 78 c2
Event: 3003.755 Thread 0x000001ce5a2e9ae0 DEOPT PACKING pc=0x000001ce0c155aec sp=0x000000863a6ff210
Event: 3003.755 Thread 0x000001ce5a2e9ae0 DEOPT UNPACKING pc=0x000001ce0a5e3aa2 sp=0x000000863a6ff1b8 mode 2
Event: 3677.952 Thread 0x000001ce61953870 Uncommon trap: trap_request=0xffffff45 fr.pc=0x000001ce0bded588 relative=0x0000000000000a48
Event: 3677.952 Thread 0x000001ce61953870 Uncommon trap: reason=unstable_if action=reinterpret pc=0x000001ce0bded588 method=lombok.core.configuration.FileSystemSourceCache.cacheClear()V @ 16 c2
Event: 3677.952 Thread 0x000001ce61953870 DEOPT PACKING pc=0x000001ce0bded588 sp=0x000000863dafc5c0
Event: 3677.952 Thread 0x000001ce61953870 DEOPT UNPACKING pc=0x000001ce0a5e3aa2 sp=0x000000863dafc500 mode 2
Event: 3708.112 Thread 0x000001ce63680b60 Uncommon trap: trap_request=0xffffff45 fr.pc=0x000001ce0bf01810 relative=0x0000000000000250
Event: 3708.112 Thread 0x000001ce63680b60 Uncommon trap: reason=unstable_if action=reinterpret pc=0x000001ce0bf01810 method=org.eclipse.jdt.internal.corext.dom.SelectionAnalyzer.visitNode(Lorg/eclipse/jdt/core/dom/ASTNode;)Z @ 57 c2
Event: 3708.112 Thread 0x000001ce63680b60 DEOPT PACKING pc=0x000001ce0bf01810 sp=0x000000863a1febe0
Event: 3708.112 Thread 0x000001ce63680b60 DEOPT UNPACKING pc=0x000001ce0a5e3aa2 sp=0x000000863a1feb90 mode 2

Classes loaded (20 events):
Event: 596.789 Loading class sun/net/www/http/KeepAliveStreamCleaner
Event: 596.789 Loading class sun/net/www/http/KeepAliveStreamCleaner done
Event: 596.790 Loading class sun/net/www/http/KeepAliveStreamCleaner$1
Event: 596.790 Loading class sun/net/www/http/KeepAliveStreamCleaner$1 done
Event: 596.790 Loading class sun/net/www/http/KeepAliveStreamCleaner$2
Event: 596.790 Loading class sun/net/www/http/KeepAliveStreamCleaner$2 done
Event: 596.790 Loading class sun/net/www/protocol/http/HttpURLConnection$HttpInputStream
Event: 596.791 Loading class sun/net/www/protocol/http/HttpURLConnection$HttpInputStream done
Event: 596.820 Loading class sun/net/www/http/KeepAliveCache$1
Event: 596.820 Loading class sun/net/www/http/KeepAliveCache$1 done
Event: 596.821 Loading class sun/net/www/http/KeepAliveCache$ClientVector
Event: 596.821 Loading class sun/net/www/http/KeepAliveCache$ClientVector done
Event: 596.824 Loading class sun/net/www/http/KeepAliveEntry
Event: 596.824 Loading class sun/net/www/http/KeepAliveEntry done
Event: 601.825 Loading class sun/security/ssl/Alert
Event: 601.825 Loading class sun/security/ssl/Alert done
Event: 601.825 Loading class sun/security/ssl/Alert$AlertConsumer
Event: 601.825 Loading class sun/security/ssl/Alert$AlertConsumer done
Event: 601.825 Loading class sun/security/ssl/Alert$Level
Event: 601.825 Loading class sun/security/ssl/Alert$Level done

Classes unloaded (11 events):
Event: 3.951 Thread 0x000001ce16322d60 Unloading class 0x000001ce181a2c00 'java/lang/invoke/LambdaForm$MH+0x000001ce181a2c00'
Event: 3.951 Thread 0x000001ce16322d60 Unloading class 0x000001ce181a2800 'java/lang/invoke/LambdaForm$MH+0x000001ce181a2800'
Event: 3.951 Thread 0x000001ce16322d60 Unloading class 0x000001ce181a2400 'java/lang/invoke/LambdaForm$MH+0x000001ce181a2400'
Event: 3.951 Thread 0x000001ce16322d60 Unloading class 0x000001ce181a2000 'java/lang/invoke/LambdaForm$MH+0x000001ce181a2000'
Event: 3.951 Thread 0x000001ce16322d60 Unloading class 0x000001ce181a1c00 'java/lang/invoke/LambdaForm$BMH+0x000001ce181a1c00'
Event: 3.951 Thread 0x000001ce16322d60 Unloading class 0x000001ce181a1800 'java/lang/invoke/LambdaForm$DMH+0x000001ce181a1800'
Event: 3.951 Thread 0x000001ce16322d60 Unloading class 0x000001ce181a0400 'java/lang/invoke/LambdaForm$DMH+0x000001ce181a0400'
Event: 8.089 Thread 0x000001ce16322d60 Unloading class 0x000001ce186a9800 'java/lang/invoke/LambdaForm$MH+0x000001ce186a9800'
Event: 8.089 Thread 0x000001ce16322d60 Unloading class 0x000001ce186a9000 'java/lang/invoke/LambdaForm$MH+0x000001ce186a9000'
Event: 8.089 Thread 0x000001ce16322d60 Unloading class 0x000001ce186a8800 'java/lang/invoke/LambdaForm$MH+0x000001ce186a8800'
Event: 8.089 Thread 0x000001ce16322d60 Unloading class 0x000001ce186a8000 'java/lang/invoke/LambdaForm$MH+0x000001ce186a8000'

Classes redefined (0 events):
No events

Internal exceptions (20 events):
Event: 1131.634 Thread 0x000001ce5feae070 Exception <a 'sun/nio/fs/WindowsException'{0x00000000d55e8e60}> (0x00000000d55e8e60) 
thrown [s\src\hotspot\share\prims\jni.cpp, line 520]
Event: 1131.692 Thread 0x000001ce5feae070 Exception <a 'sun/nio/fs/WindowsException'{0x00000000d5756f00}> (0x00000000d5756f00) 
thrown [s\src\hotspot\share\prims\jni.cpp, line 520]
Event: 1137.729 Thread 0x000001ce5feae070 Exception <a 'sun/nio/fs/WindowsException'{0x00000000d55b8db0}> (0x00000000d55b8db0) 
thrown [s\src\hotspot\share\prims\jni.cpp, line 520]
Event: 1137.786 Thread 0x000001ce5feae070 Exception <a 'sun/nio/fs/WindowsException'{0x00000000d55de918}> (0x00000000d55de918) 
thrown [s\src\hotspot\share\prims\jni.cpp, line 520]
Event: 1164.639 Thread 0x000001ce5feae070 Exception <a 'sun/nio/fs/WindowsException'{0x00000000d56ed4a8}> (0x00000000d56ed4a8) 
thrown [s\src\hotspot\share\prims\jni.cpp, line 520]
Event: 1164.699 Thread 0x000001ce5feae070 Exception <a 'sun/nio/fs/WindowsException'{0x00000000d5759c08}> (0x00000000d5759c08) 
thrown [s\src\hotspot\share\prims\jni.cpp, line 520]
Event: 1172.389 Thread 0x000001ce61953870 Exception <a 'java/lang/ArrayIndexOutOfBoundsException'{0x00000000d56f24f0}> (0x00000000d56f24f0) 
thrown [s\src\hotspot\share\runtime\sharedRuntime.cpp, line 625]
Event: 1172.392 Thread 0x000001ce61953870 Exception <a 'java/lang/ArrayIndexOutOfBoundsException'{0x00000000d5583548}> (0x00000000d5583548) 
thrown [s\src\hotspot\share\runtime\sharedRuntime.cpp, line 625]
Event: 1172.878 Thread 0x000001ce63e29ac0 Exception <a 'java/lang/ArrayIndexOutOfBoundsException'{0x00000000d57ad480}> (0x00000000d57ad480) 
thrown [s\src\hotspot\share\runtime\sharedRuntime.cpp, line 625]
Event: 1172.881 Thread 0x000001ce63e29ac0 Exception <a 'java/lang/ArrayIndexOutOfBoundsException'{0x00000000d55cb5d0}> (0x00000000d55cb5d0) 
thrown [s\src\hotspot\share\runtime\sharedRuntime.cpp, line 625]
Event: 1185.108 Thread 0x000001ce5feae070 Exception <a 'sun/nio/fs/WindowsException'{0x00000000d5627b58}> (0x00000000d5627b58) 
thrown [s\src\hotspot\share\prims\jni.cpp, line 520]
Event: 1185.174 Thread 0x000001ce5feae070 Exception <a 'sun/nio/fs/WindowsException'{0x00000000d560c6f8}> (0x00000000d560c6f8) 
thrown [s\src\hotspot\share\prims\jni.cpp, line 520]
Event: 1186.453 Thread 0x000001ce5feae070 Exception <a 'sun/nio/fs/WindowsException'{0x00000000d57a9658}> (0x00000000d57a9658) 
thrown [s\src\hotspot\share\prims\jni.cpp, line 520]
Event: 1186.500 Thread 0x000001ce5feae070 Exception <a 'sun/nio/fs/WindowsException'{0x00000000d57c0f48}> (0x00000000d57c0f48) 
thrown [s\src\hotspot\share\prims\jni.cpp, line 520]
Event: 1188.687 Thread 0x000001ce5feae070 Exception <a 'sun/nio/fs/WindowsException'{0x00000000d55b1820}> (0x00000000d55b1820) 
thrown [s\src\hotspot\share\prims\jni.cpp, line 520]
Event: 1188.726 Thread 0x000001ce5feae070 Exception <a 'sun/nio/fs/WindowsException'{0x00000000d571e530}> (0x00000000d571e530) 
thrown [s\src\hotspot\share\prims\jni.cpp, line 520]
Event: 3677.958 Thread 0x000001ce5feae070 Exception <a 'sun/nio/fs/WindowsException'{0x00000000d55b6520}> (0x00000000d55b6520) 
thrown [s\src\hotspot\share\prims\jni.cpp, line 520]
Event: 3678.013 Thread 0x000001ce5feae070 Exception <a 'sun/nio/fs/WindowsException'{0x00000000d5674c70}> (0x00000000d5674c70) 
thrown [s\src\hotspot\share\prims\jni.cpp, line 520]
Event: 3679.171 Thread 0x000001ce5feae070 Exception <a 'sun/nio/fs/WindowsException'{0x00000000d57f4cb8}> (0x00000000d57f4cb8) 
thrown [s\src\hotspot\share\prims\jni.cpp, line 520]
Event: 3679.225 Thread 0x000001ce5feae070 Exception <a 'sun/nio/fs/WindowsException'{0x00000000d57d26c8}> (0x00000000d57d26c8) 
thrown [s\src\hotspot\share\prims\jni.cpp, line 520]

ZGC Phase Switch (0 events):
No events

VM Operations (20 events):
Event: 3680.723 Executing safepoint VM operation: Cleanup
Event: 3680.723 Executing safepoint VM operation: Cleanup done
Event: 3680.929 Executing safepoint VM operation: ParallelGCFailedAllocation (Allocation Failure)
Event: 3680.931 Executing safepoint VM operation: ParallelGCFailedAllocation (Allocation Failure) done
Event: 3685.985 Executing safepoint VM operation: Cleanup
Event: 3685.985 Executing safepoint VM operation: Cleanup done
Event: 3728.745 Executing non-safepoint VM operation: HandshakeAllThreads (HandshakeForDeflation)
Event: 3728.745 Executing non-safepoint VM operation: HandshakeAllThreads (HandshakeForDeflation) done
Event: 3728.745 Executing non-safepoint VM operation: RendezvousGCThreads
Event: 3728.745 Executing non-safepoint VM operation: RendezvousGCThreads done
Event: 3909.217 Executing non-safepoint VM operation: HandshakeAllThreads (HandshakeForDeflation)
Event: 3909.217 Executing non-safepoint VM operation: HandshakeAllThreads (HandshakeForDeflation) done
Event: 3909.217 Executing non-safepoint VM operation: RendezvousGCThreads
Event: 3909.217 Executing non-safepoint VM operation: RendezvousGCThreads done
Event: 4280.336 Executing safepoint VM operation: Cleanup
Event: 4280.337 Executing safepoint VM operation: Cleanup done
Event: 4311.117 Executing non-safepoint VM operation: HandshakeAllThreads (HandshakeForDeflation)
Event: 4311.117 Executing non-safepoint VM operation: HandshakeAllThreads (HandshakeForDeflation) done
Event: 4311.117 Executing non-safepoint VM operation: RendezvousGCThreads
Event: 4311.117 Executing non-safepoint VM operation: RendezvousGCThreads done

Memory protections (0 events):
No events

Nmethod flushes (20 events):
Event: 535.505 Thread 0x000001ce16322d60 flushing  nmethod 0x000001ce0401fd90
Event: 535.505 Thread 0x000001ce16322d60 flushing  nmethod 0x000001ce04020390
Event: 535.505 Thread 0x000001ce16322d60 flushing  nmethod 0x000001ce04036710
Event: 535.505 Thread 0x000001ce16322d60 flushing  nmethod 0x000001ce0405a410
Event: 535.505 Thread 0x000001ce16322d60 flushing  nmethod 0x000001ce040adb10
Event: 535.505 Thread 0x000001ce16322d60 flushing  nmethod 0x000001ce040af710
Event: 535.505 Thread 0x000001ce16322d60 flushing  nmethod 0x000001ce040b5a90
Event: 535.505 Thread 0x000001ce16322d60 flushing  nmethod 0x000001ce040b7510
Event: 535.505 Thread 0x000001ce16322d60 flushing  nmethod 0x000001ce040b7f10
Event: 535.505 Thread 0x000001ce16322d60 flushing  nmethod 0x000001ce040c0590
Event: 535.505 Thread 0x000001ce16322d60 flushing  nmethod 0x000001ce040c2110
Event: 535.505 Thread 0x000001ce16322d60 flushing  nmethod 0x000001ce040c2b10
Event: 535.505 Thread 0x000001ce16322d60 flushing  nmethod 0x000001ce040e5e90
Event: 535.505 Thread 0x000001ce16322d60 flushing  nmethod 0x000001ce04173410
Event: 535.505 Thread 0x000001ce16322d60 flushing  nmethod 0x000001ce04181110
Event: 535.505 Thread 0x000001ce16322d60 flushing  nmethod 0x000001ce04182810
Event: 535.505 Thread 0x000001ce16322d60 flushing  nmethod 0x000001ce04183590
Event: 535.505 Thread 0x000001ce16322d60 flushing  nmethod 0x000001ce041ecb10
Event: 535.505 Thread 0x000001ce16322d60 flushing  nmethod 0x000001ce041eed90
Event: 535.505 Thread 0x000001ce16322d60 flushing  nmethod 0x000001ce041f3010

Events (20 events):
Event: 3677.959 Thread 0x000001ce5feb14f0 Thread added: 0x000001ce5feb07d0
Event: 3677.967 Thread 0x000001ce5a2e9ae0 Thread added: 0x000001ce63682c30
Event: 3678.018 Thread 0x000001ce5feb14f0 Thread added: 0x000001ce63680b60
Event: 3678.054 Thread 0x000001ce5a2e9450 Thread exited: 0x000001ce5a2e9450
Event: 3678.106 Thread 0x000001ce5a2e9ae0 Thread added: 0x000001ce636811f0
Event: 3678.107 Thread 0x000001ce5a2e9ae0 Thread added: 0x000001ce63684d00
Event: 3679.253 Thread 0x000001ce5a2e9ae0 Thread added: 0x000001ce63681880
Event: 3739.270 Thread 0x000001ce63684d00 Thread exited: 0x000001ce63684d00
Event: 3768.292 Thread 0x000001ce63680b60 Thread exited: 0x000001ce63680b60
Event: 3828.297 Thread 0x000001ce5feb14f0 Thread exited: 0x000001ce5feb14f0
Event: 3888.311 Thread 0x000001ce5feb07d0 Thread exited: 0x000001ce5feb07d0
Event: 4279.429 Thread 0x000001ce63682c30 Thread added: 0x000001ce63680b60
Event: 4279.429 Thread 0x000001ce63680b60 Thread added: 0x000001ce63684d00
Event: 4279.430 Thread 0x000001ce63680b60 Thread added: 0x000001ce63686740
Event: 4279.430 Thread 0x000001ce63686740 Thread exited: 0x000001ce63686740
Event: 4279.430 Thread 0x000001ce63684d00 Thread exited: 0x000001ce63684d00
Event: 4279.430 Thread 0x000001ce63680b60 Thread exited: 0x000001ce63680b60
Event: 4279.547 Thread 0x000001ce63682c30 Thread added: 0x000001ce63680b60
Event: 4293.758 Thread 0x000001ce636811f0 Thread exited: 0x000001ce636811f0
Event: 4294.912 Thread 0x000001ce63681880 Thread exited: 0x000001ce63681880


Dynamic libraries:
0x00007ff7f5dc0000 - 0x00007ff7f5dce000 	c:\Users\adity\.vscode\extensions\redhat.java-1.55.0-win32-x64\jre\21.0.11-win32-x86_64\bin\java.exe
0x00007ffd5e080000 - 0x00007ffd5e2e6000 	C:\WINDOWS\SYSTEM32\ntdll.dll
0x00007ffd5bf20000 - 0x00007ffd5bfe9000 	C:\WINDOWS\System32\KERNEL32.DLL
0x00007ffd5b600000 - 0x00007ffd5b9fe000 	C:\WINDOWS\System32\KERNELBASE.dll
0x00007ffd5b330000 - 0x00007ffd5b47c000 	C:\WINDOWS\System32\ucrtbase.dll
0x00007ffd3ff50000 - 0x00007ffd3ff6e000 	c:\Users\adity\.vscode\extensions\redhat.java-1.55.0-win32-x64\jre\21.0.11-win32-x86_64\bin\VCRUNTIME140.dll
0x00007ffd3ff70000 - 0x00007ffd3ff88000 	c:\Users\adity\.vscode\extensions\redhat.java-1.55.0-win32-x64\jre\21.0.11-win32-x86_64\bin\jli.dll
0x00007ffd5dab0000 - 0x00007ffd5dc77000 	C:\WINDOWS\System32\USER32.dll
0x00007ffd5bd80000 - 0x00007ffd5bda7000 	C:\WINDOWS\System32\win32u.dll
0x00007ffd5da70000 - 0x00007ffd5da9b000 	C:\WINDOWS\System32\GDI32.dll
0x00007ffd38f40000 - 0x00007ffd391d2000 	C:\WINDOWS\WinSxS\amd64_microsoft.windows.common-controls_6595b64144ccf1df_6.0.26100.8894_none_3e0f749ee32e02ea\COMCTL32.dll
0x00007ffd5d7c0000 - 0x00007ffd5d869000 	C:\WINDOWS\System32\msvcrt.dll
0x00007ffd5bc50000 - 0x00007ffd5bd7a000 	C:\WINDOWS\System32\gdi32full.dll
0x00007ffd5b550000 - 0x00007ffd5b5f3000 	C:\WINDOWS\System32\msvcp_win.dll
0x00007ffd5d5e0000 - 0x00007ffd5d612000 	C:\WINDOWS\System32\IMM32.DLL
0x00007ffd51e60000 - 0x00007ffd51e6c000 	c:\Users\adity\.vscode\extensions\redhat.java-1.55.0-win32-x64\jre\21.0.11-win32-x86_64\bin\vcruntime140_1.dll
0x00007ffd26310000 - 0x00007ffd2639d000 	c:\Users\adity\.vscode\extensions\redhat.java-1.55.0-win32-x64\jre\21.0.11-win32-x86_64\bin\msvcp140.dll
0x00007ffcb4370000 - 0x00007ffcb5112000 	c:\Users\adity\.vscode\extensions\redhat.java-1.55.0-win32-x64\jre\21.0.11-win32-x86_64\bin\server\jvm.dll
0x00007ffd5df80000 - 0x00007ffd5e037000 	C:\WINDOWS\System32\ADVAPI32.dll
0x00007ffd5ddb0000 - 0x00007ffd5de5a000 	C:\WINDOWS\System32\sechost.dll
0x00007ffd5de60000 - 0x00007ffd5df78000 	C:\WINDOWS\System32\RPCRT4.dll
0x00007ffd5cd00000 - 0x00007ffd5cd80000 	C:\WINDOWS\System32\WS2_32.dll
0x00007ffd55460000 - 0x00007ffd55496000 	C:\WINDOWS\SYSTEM32\WINMM.dll
0x00007ffd59de0000 - 0x00007ffd59e3e000 	C:\WINDOWS\SYSTEM32\POWRPROF.dll
0x00007ffd4ed10000 - 0x00007ffd4ed1b000 	C:\WINDOWS\SYSTEM32\VERSION.dll
0x00007ffd59da0000 - 0x00007ffd59db4000 	C:\WINDOWS\SYSTEM32\UMPDC.dll
0x00007ffd5a0a0000 - 0x00007ffd5a0bb000 	C:\WINDOWS\SYSTEM32\kernel.appcore.dll
0x00007ffd4f320000 - 0x00007ffd4f32a000 	c:\Users\adity\.vscode\extensions\redhat.java-1.55.0-win32-x64\jre\21.0.11-win32-x86_64\bin\jimage.dll
0x00007ffd58820000 - 0x00007ffd58a62000 	C:\WINDOWS\SYSTEM32\DBGHELP.DLL
0x00007ffd5c950000 - 0x00007ffd5ccd3000 	C:\WINDOWS\System32\combase.dll
0x00007ffd5d290000 - 0x00007ffd5d369000 	C:\WINDOWS\System32\OLEAUT32.dll
0x00007ffd45b70000 - 0x00007ffd45bab000 	C:\WINDOWS\SYSTEM32\dbgcore.DLL
0x00007ffd5b490000 - 0x00007ffd5b53c000 	C:\WINDOWS\System32\bcryptPrimitives.dll
0x00007ffd4f080000 - 0x00007ffd4f08f000 	c:\Users\adity\.vscode\extensions\redhat.java-1.55.0-win32-x64\jre\21.0.11-win32-x86_64\bin\instrument.dll
0x00007ffd3e010000 - 0x00007ffd3e030000 	c:\Users\adity\.vscode\extensions\redhat.java-1.55.0-win32-x64\jre\21.0.11-win32-x86_64\bin\java.dll
0x00007ffd5c0f0000 - 0x00007ffd5c882000 	C:\WINDOWS\System32\SHELL32.dll
0x00007ffd58d30000 - 0x00007ffd595c2000 	C:\WINDOWS\SYSTEM32\windows.storage.dll
0x00007ffd5dcb0000 - 0x00007ffd5dda7000 	C:\WINDOWS\System32\SHCORE.dll
0x00007ffd5c8e0000 - 0x00007ffd5c947000 	C:\WINDOWS\System32\shlwapi.dll
0x00007ffd5b1c0000 - 0x00007ffd5b1e9000 	C:\WINDOWS\SYSTEM32\profapi.dll
0x00007ffd3dff0000 - 0x00007ffd3e008000 	c:\Users\adity\.vscode\extensions\redhat.java-1.55.0-win32-x64\jre\21.0.11-win32-x86_64\bin\zip.dll
0x00007ffd4e6b0000 - 0x00007ffd4e6c0000 	C:\Users\adity\.vscode\extensions\redhat.java-1.55.0-win32-x64\jre\21.0.11-win32-x86_64\bin\net.dll
0x00007ffd51bb0000 - 0x00007ffd51cd7000 	C:\WINDOWS\SYSTEM32\WINHTTP.dll
0x00007ffd5a650000 - 0x00007ffd5a6bc000 	C:\WINDOWS\system32\mswsock.dll
0x00007ffd3db90000 - 0x00007ffd3dba6000 	C:\Users\adity\.vscode\extensions\redhat.java-1.55.0-win32-x64\jre\21.0.11-win32-x86_64\bin\nio.dll
0x00007ffd43390000 - 0x00007ffd433a0000 	c:\Users\adity\.vscode\extensions\redhat.java-1.55.0-win32-x64\jre\21.0.11-win32-x86_64\bin\verify.dll
0x00007ffcd2320000 - 0x00007ffcd2365000 	C:\Users\adity\AppData\Roaming\Code\User\globalStorage\redhat.java\1.55.0\config_win\org.eclipse.equinox.launcher\org.eclipse.equinox.launcher.win32.win32.x86_64_1.3.100.v20260613-0559\eclipse_11924.dll
0x00007ffd5d620000 - 0x00007ffd5d7b9000 	C:\WINDOWS\System32\ole32.dll
0x00007ffd5a950000 - 0x00007ffd5a96b000 	C:\WINDOWS\SYSTEM32\CRYPTSP.dll
0x00007ffd5a000000 - 0x00007ffd5a039000 	C:\WINDOWS\system32\rsaenh.dll
0x00007ffd5a710000 - 0x00007ffd5a742000 	C:\WINDOWS\SYSTEM32\USERENV.dll
0x00007ffd5b190000 - 0x00007ffd5b1ba000 	C:\WINDOWS\SYSTEM32\bcrypt.dll
0x00007ffd5a970000 - 0x00007ffd5a97c000 	C:\WINDOWS\SYSTEM32\CRYPTBASE.dll
0x00007ffd59a50000 - 0x00007ffd59a83000 	C:\WINDOWS\SYSTEM32\IPHLPAPI.DLL
0x00007ffd5daa0000 - 0x00007ffd5daaa000 	C:\WINDOWS\System32\NSI.dll
0x00007ffcd0b00000 - 0x00007ffcd0b49000 	C:\Users\adity\AppData\Local\Temp\jna-92665259\jna5993244845732029124.dll
0x00007ffd5d220000 - 0x00007ffd5d228000 	C:\WINDOWS\System32\PSAPI.DLL
0x00007ffd51d90000 - 0x00007ffd51dad000 	C:\WINDOWS\SYSTEM32\dhcpcsvc6.DLL
0x00007ffd51d60000 - 0x00007ffd51d85000 	C:\WINDOWS\SYSTEM32\dhcpcsvc.DLL
0x00007ffd511a0000 - 0x00007ffd511ae000 	C:\Users\adity\.vscode\extensions\redhat.java-1.55.0-win32-x64\jre\21.0.11-win32-x86_64\bin\sunmscapi.dll
0x00007ffd5bad0000 - 0x00007ffd5bc48000 	C:\WINDOWS\System32\CRYPT32.dll
0x00007ffd5ab90000 - 0x00007ffd5abc0000 	C:\WINDOWS\SYSTEM32\ncrypt.dll
0x00007ffd5ab40000 - 0x00007ffd5ab7f000 	C:\WINDOWS\SYSTEM32\NTASN1.dll
0x00007ffd59b30000 - 0x00007ffd59c86000 	C:\WINDOWS\SYSTEM32\DNSAPI.dll
0x00007ffd5a430000 - 0x00007ffd5a43d000 	C:\WINDOWS\SYSTEM32\DSPARSE.dll
0x00007ffd50f90000 - 0x00007ffd50f9b000 	C:\Windows\System32\rasadhlp.dll
0x00007ffd53c00000 - 0x00007ffd53c86000 	C:\WINDOWS\System32\fwpuclnt.dll
0x00007ffd4f4a0000 - 0x00007ffd4f4a9000 	C:\Users\adity\.vscode\extensions\redhat.java-1.55.0-win32-x64\jre\21.0.11-win32-x86_64\bin\extnet.dll

JVMTI agents:
c:\Users\adity\.vscode\extensions\redhat.java-1.55.0-win32-x64\lombok\lombok-1.18.39-4050.jar path:c:\Users\adity\.vscode\extensions\redhat.java-1.55.0-win32-x64\jre\21.0.11-win32-x86_64\bin\instrument.dll, loaded, initialized, instrumentlib options:none

dbghelp: loaded successfully - version: 4.0.5 - missing functions: none
symbol engine: initialized successfully - sym options: 0x614 - pdb path: .;c:\Users\adity\.vscode\extensions\redhat.java-1.55.0-win32-x64\jre\21.0.11-win32-x86_64\bin;C:\WINDOWS\SYSTEM32;C:\WINDOWS\WinSxS\amd64_microsoft.windows.common-controls_6595b64144ccf1df_6.0.26100.8894_none_3e0f749ee32e02ea;c:\Users\adity\.vscode\extensions\redhat.java-1.55.0-win32-x64\jre\21.0.11-win32-x86_64\bin\server;C:\Users\adity\AppData\Roaming\Code\User\globalStorage\redhat.java\1.55.0\config_win\org.eclipse.equinox.launcher\org.eclipse.equinox.launcher.win32.win32.x86_64_1.3.100.v20260613-0559;C:\Users\adity\AppData\Local\Temp\jna-92665259

VM Arguments:
jvm_args: --add-modules=ALL-SYSTEM --add-opens=java.base/java.util=ALL-UNNAMED --add-opens=java.base/java.lang=ALL-UNNAMED --add-opens=java.base/sun.nio.fs=ALL-UNNAMED -Declipse.application=org.eclipse.jdt.ls.core.id1 -Dosgi.bundles.defaultStartLevel=4 -Declipse.product=org.eclipse.jdt.ls.core.product -Djava.import.generatesMetadataFilesAtProjectRoot=false -DDetectVMInstallationsJob.disabled=true -Dfile.encoding=utf8 -XX:+UseParallelGC -XX:GCTimeRatio=4 -XX:AdaptiveSizePolicyWeight=90 -Dsun.zip.disableMemoryMapping=true -Xmx2G -Xms100m -Xlog:disable -javaagent:c:\Users\adity\.vscode\extensions\redhat.java-1.55.0-win32-x64\lombok\lombok-1.18.39-4050.jar -XX:+HeapDumpOnOutOfMemoryError -XX:HeapDumpPath=c:\Users\adity\AppData\Roaming\Code\User\workspaceStorage\555ba9e40f628a9b3d662b07d4e0e357\redhat.java -Daether.dependencyCollector.impl=bf 
java_command: c:\Users\adity\.vscode\extensions\redhat.java-1.55.0-win32-x64\server\plugins\org.eclipse.equinox.launcher_1.7.200.v20260619-2039.jar -configuration c:\Users\adity\AppData\Roaming\Code\User\globalStorage\redhat.java\1.55.0\config_win -data c:\Users\adity\AppData\Roaming\Code\User\workspaceStorage\555ba9e40f628a9b3d662b07d4e0e357\redhat.java\jdt_ws --pipe=\\.\pipe\lsp-92d0fbfaec7bb45dddea1564fe171c27-sock
java_class_path (initial): c:\Users\adity\.vscode\extensions\redhat.java-1.55.0-win32-x64\server\plugins\org.eclipse.equinox.launcher_1.7.200.v20260619-2039.jar
Launcher Type: SUN_STANDARD

[Global flags]
    uintx AdaptiveSizePolicyWeight                 = 90                                        {product} {command line}
     intx CICompilerCount                          = 12                                        {product} {ergonomic}
    uintx GCTimeRatio                              = 4                                         {product} {command line}
     bool HeapDumpOnOutOfMemoryError               = true                                   {manageable} {command line}
    ccstr HeapDumpPath                             = c:\Users\adity\AppData\Roaming\Code\User\workspaceStorage\555ba9e40f628a9b3d662b07d4e0e357\redhat.java         {manageable} {command line}
   size_t InitialHeapSize                          = 104857600                                 {product} {command line}
   size_t MaxHeapSize                              = 2147483648                                {product} {command line}
   size_t MaxNewSize                               = 715653120                                 {product} {ergonomic}
   size_t MinHeapDeltaBytes                        = 524288                                    {product} {ergonomic}
   size_t MinHeapSize                              = 104857600                                 {product} {command line}
   size_t NewSize                                  = 34603008                                  {product} {ergonomic}
    uintx NonNMethodCodeHeapSize                   = 7602480                                {pd product} {ergonomic}
    uintx NonProfiledCodeHeapSize                  = 122027880                              {pd product} {ergonomic}
   size_t OldSize                                  = 70254592                                  {product} {ergonomic}
    uintx ProfiledCodeHeapSize                     = 122027880                              {pd product} {ergonomic}
    uintx ReservedCodeCacheSize                    = 251658240                              {pd product} {ergonomic}
     bool SegmentedCodeCache                       = true                                      {product} {ergonomic}
   size_t SoftMaxHeapSize                          = 2147483648                             {manageable} {ergonomic}
     bool UseCompressedOops                        = true                           {product lp64_product} {ergonomic}
     bool UseLargePagesIndividualAllocation        = false                                  {pd product} {ergonomic}
     bool UseParallelGC                            = true                                      {product} {command line}

Logging:
Log output configuration:
 #0: stdout all=off uptime,level,tags foldmultilines=false
 #1: stderr all=off uptime,level,tags foldmultilines=false

Release file:
JAVA_VERSION="21.0.11" 
MODULES="java.base java.compiler java.datatransfer java.xml java.prefs java.desktop java.instrument java.logging java.management java.security.sasl java.naming java.rmi java.management.rmi java.net.http java.scripting java.security.jgss java.transaction.xa java.sql java.sql.rowset java.xml.crypto java.se java.smartcardio jdk.accessibility jdk.internal.jvmstat jdk.attach jdk.charsets jdk.internal.opt jdk.zipfs jdk.compiler jdk.crypto.ec jdk.crypto.cryptoki jdk.crypto.mscapi jdk.dynalink jdk.internal.ed jdk.editpad jdk.hotspot.agent jdk.httpserver jdk.internal.le jdk.internal.vm.ci jdk.internal.vm.compiler jdk.internal.vm.compiler.management jdk.jartool jdk.javadoc jdk.jcmd jdk.management jdk.management.agent jdk.jconsole jdk.jdeps jdk.jdwp.agent jdk.jdi jdk.jfr jdk.jshell jdk.jsobject jdk.jstatd jdk.localedata jdk.management.jfr jdk.naming.dns jdk.naming.rmi jdk.net jdk.nio.mapmode jdk.random jdk.sctp jdk.security.auth jdk.security.jgss jdk.unsupported jdk.unsupported.desktop jdk.xml.dom" 

Environment Variables:
PATH=C:\Program Files\Python314\Scripts\;C:\Program Files\Python314\;C:\Program Files\Common Files\Oracle\Java\javapath;C:\WINDOWS\system32;C:\WINDOWS;C:\WINDOWS\System32\Wbem;C:\WINDOWS\System32\WindowsPowerShell\v1.0\;C:\WINDOWS\System32\OpenSSH\;C:\Program Files (x86)\NVIDIA Corporation\PhysX\Common;C:\Program Files\NVIDIA Corporation\NVIDIA App\NvDLISR;C:\Program Files;C:\MinGW\bin;C:\Program Files\dotnet\;C:\Program Files\Git\cmd;C:\Program Files\Java\jdk-25\bin;C:\Program Files\nodejs\;C:\Program Files\Cloudflare\Cloudflare WARP\;C:\Program Files\MySQL\MySQL Shell 8.0\bin\;C:\Users\adity\AppData\Local\Microsoft\WindowsApps;C:\Users\adity\AppData\Local\Programs\Microsoft VS Code\bin;C:\Users\adity\AppData\Roaming\npm;C:\Program Files\JetBrains\IntelliJ IDEA Community Edition 2025.2.6\bin
USERNAME=adity
OS=Windows_NT
PROCESSOR_IDENTIFIER=Intel64 Family 6 Model 186 Stepping 2, GenuineIntel
TMP=C:\Users\adity\AppData\Local\Temp
TEMP=C:\Users\adity\AppData\Local\Temp




Periodic native trim disabled

---------------  S Y S T E M  ---------------

OS:
 Windows 11 , 64 bit Build 26100 (10.0.26100.8875)
OS uptime: 0 days 6:14 hours
Hyper-V role detected

CPU: total 16 (initial active 16) (8 cores per cpu, 2 threads per core) family 6 model 186 stepping 2 microcode 0x5104, cx8, cmov, fxsr, ht, mmx, 3dnowpref, sse, sse2, sse3, ssse3, sse4.1, sse4.2, popcnt, lzcnt, tsc, tscinvbit, avx, avx2, aes, erms, clmul, bmi1, bmi2, adx, sha, fma, vzeroupper, clflush, clflushopt, clwb, hv, serialize, rdtscp, rdpid, fsrm, f16c, cet_ibt, cet_ss
Processor Information for processor 0
  Max Mhz: 2500, Current Mhz: 1532, Mhz Limit: 2500
Processor Information for processor 1
  Max Mhz: 2500, Current Mhz: 2500, Mhz Limit: 2500
Processor Information for processor 2
  Max Mhz: 2500, Current Mhz: 2500, Mhz Limit: 2500
Processor Information for processor 3
  Max Mhz: 2500, Current Mhz: 2500, Mhz Limit: 2500
Processor Information for processor 4
  Max Mhz: 2500, Current Mhz: 1532, Mhz Limit: 2500
Processor Information for processor 5
  Max Mhz: 2500, Current Mhz: 2500, Mhz Limit: 2500
Processor Information for processor 6
  Max Mhz: 2500, Current Mhz: 2500, Mhz Limit: 2500
Processor Information for processor 7
  Max Mhz: 2500, Current Mhz: 2500, Mhz Limit: 2500
Processor Information for processor 8
  Max Mhz: 2500, Current Mhz: 2500, Mhz Limit: 2500
Processor Information for processor 9
  Max Mhz: 2500, Current Mhz: 2500, Mhz Limit: 2500
Processor Information for processor 10
  Max Mhz: 2500, Current Mhz: 1532, Mhz Limit: 2500
Processor Information for processor 11
  Max Mhz: 2500, Current Mhz: 2500, Mhz Limit: 2500
Processor Information for processor 12
  Max Mhz: 2500, Current Mhz: 2500, Mhz Limit: 2500
Processor Information for processor 13
  Max Mhz: 2500, Current Mhz: 2500, Mhz Limit: 2500
Processor Information for processor 14
  Max Mhz: 2500, Current Mhz: 1527, Mhz Limit: 2500
Processor Information for processor 15
  Max Mhz: 2500, Current Mhz: 1527, Mhz Limit: 2500

Memory: 4k page, system-wide physical 15987M (1108M free)
TotalPageFile size 32371M (AvailPageFile size 2M)
current process WorkingSet (physical memory assigned to process): 327M, peak: 1537M
current process commit charge ("private bytes"): 1639M, peak: 1644M

vm_info: OpenJDK 64-Bit Server VM (21.0.11+10-LTS) for windows-amd64 JRE (21.0.11+10-LTS), built on 2026-04-21T00:00:00Z by "admin" with MS VC++ 17.12 (VS2022)

END.
